Java HotSpot(TM) 64-Bit Server VM (25.40-b25) for windows-amd64 JRE (1.8.0_40-b26), built on Mar  7 2015 13:51:59 by "java_re" with MS VC++ 10.0 (VS2010)
Memory: 4k page, physical 7945004k(745908k free), swap 15888152k(4956000k free)
CommandLine flags: -XX:InitialHeapSize=268435456 -XX:MaxHeapSize=268435456 -XX:+ParallelRefProcEnabled -XX:+PrintGC -XX:+PrintGCDateStamps -XX:+PrintGCDetails -XX:+PrintGCTimeStamps -XX:+UseCompressedClassPointers -XX:+UseCompressedOops -XX:+UseG1GC -XX:-UseLargePagesIndividualAllocation 
2016-06-12T12:26:48.568+0200: 0.341: [GC pause (G1 Evacuation Pause) (young), 0.0049984 secs]
   [Parallel Time: 1.2 ms, GC Workers: 8]
      [GC Worker Start (ms): Min: 341.4, Avg: 341.8, Max: 342.5, Diff: 1.1]
      [Ext Root Scanning (ms): Min: 0.0, Avg: 0.1, Max: 0.3, Diff: 0.3, Sum: 0.9]
      [Update RS (ms): Min: 0.0, Avg: 0.0, Max: 0.0, Diff: 0.0, Sum: 0.0]
         [Processed Buffers: Min: 0, Avg: 0.0, Max: 0, Diff: 0, Sum: 0]
      [Scan RS (ms): Min: 0.0, Avg: 0.0, Max: 0.0, Diff: 0.0, Sum: 0.0]
      [Code Root Scanning (ms): Min: 0.0, Avg: 0.1, Max: 0.8, Diff: 0.8, Sum: 0.9]
      [Object Copy (ms): Min: 0.0, Avg: 0.4, Max: 0.7, Diff: 0.7, Sum: 3.0]
      [Termination (ms): Min: 0.0, Avg: 0.0, Max: 0.1, Diff: 0.1, Sum: 0.3]
      [GC Worker Other (ms): Min: 0.0, Avg: 0.0, Max: 0.0, Diff: 0.0, Sum: 0.1]
      [GC Worker Total (ms): Min: 0.0, Avg: 0.7, Max: 1.1, Diff: 1.1, Sum: 5.3]
      [GC Worker End (ms): Min: 342.5, Avg: 342.5, Max: 342.5, Diff: 0.0]
   [Code Root Fixup: 0.0 ms]
   [Code Root Purge: 0.0 ms]
   [Clear CT: 0.0 ms]
   [Other: 3.7 ms]
      [Choose CSet: 0.0 ms]
      [Ref Proc: 3.6 ms]
      [Ref Enq: 0.0 ms]
      [Redirty Cards: 0.0 ms]
      [Humongous Reclaim: 0.0 ms]
      [Free CSet: 0.0 ms]
   [Eden: 12.0M(12.0M)->0.0B(26.0M) Survivors: 0.0B->2048.0K Heap: 12.0M(256.0M)->2686.5K(256.0M)]
 [Times: user=0.00 sys=0.00, real=0.01 secs] 
2016-06-12T12:26:49.053+0200: 0.826: [GC pause (G1 Evacuation Pause) (young), 0.0058734 secs]
   [Parallel Time: 2.8 ms, GC Workers: 8]
      [GC Worker Start (ms): Min: 825.7, Avg: 826.7, Max: 828.4, Diff: 2.7]
      [Ext Root Scanning (ms): Min: 0.0, Avg: 0.3, Max: 0.9, Diff: 0.9, Sum: 2.3]
      [Update RS (ms): Min: 0.0, Avg: 0.0, Max: 0.1, Diff: 0.1, Sum: 0.1]
         [Processed Buffers: Min: 0, Avg: 0.8, Max: 3, Diff: 3, Sum: 6]
      [Scan RS (ms): Min: 0.0, Avg: 0.0, Max: 0.0, Diff: 0.0, Sum: 0.0]
      [Code Root Scanning (ms): Min: 0.0, Avg: 0.1, Max: 0.6, Diff: 0.6, Sum: 0.8]
      [Object Copy (ms): Min: 0.0, Avg: 1.3, Max: 2.4, Diff: 2.4, Sum: 10.1]
      [Termination (ms): Min: 0.0, Avg: 0.1, Max: 0.1, Diff: 0.1, Sum: 0.4]
      [GC Worker Other (ms): Min: 0.0, Avg: 0.0, Max: 0.0, Diff: 0.0, Sum: 0.0]
      [GC Worker Total (ms): Min: 0.0, Avg: 1.7, Max: 2.8, Diff: 2.8, Sum: 13.8]
      [GC Worker End (ms): Min: 828.4, Avg: 828.4, Max: 828.4, Diff: 0.0]
   [Code Root Fixup: 0.2 ms]
   [Code Root Purge: 0.0 ms]
   [Clear CT: 0.2 ms]
   [Other: 2.8 ms]
      [Choose CSet: 0.0 ms]
      [Ref Proc: 2.6 ms]
      [Ref Enq: 0.0 ms]
      [Redirty Cards: 0.0 ms]
      [Humongous Reclaim: 0.0 ms]
      [Free CSet: 0.0 ms]
   [Eden: 26.0M(26.0M)->0.0B(149.0M) Survivors: 2048.0K->4096.0K Heap: 28.6M(256.0M)->9671.5K(256.0M)]
 [Times: user=0.00 sys=0.00, real=0.01 secs] 
2016-06-12T12:26:50.037+0200: 1.810: [GC pause (Metadata GC Threshold) (young) (initial-mark), 0.0094140 secs]
   [Parallel Time: 5.6 ms, GC Workers: 8]
      [GC Worker Start (ms): Min: 1809.8, Avg: 1809.9, Max: 1809.9, Diff: 0.1]
      [Ext Root Scanning (ms): Min: 1.1, Avg: 1.3, Max: 1.6, Diff: 0.5, Sum: 10.3]
      [Update RS (ms): Min: 0.0, Avg: 0.1, Max: 0.2, Diff: 0.2, Sum: 0.9]
         [Processed Buffers: Min: 0, Avg: 1.3, Max: 3, Diff: 3, Sum: 10]
      [Scan RS (ms): Min: 0.0, Avg: 0.0, Max: 0.0, Diff: 0.0, Sum: 0.0]
      [Code Root Scanning (ms): Min: 0.0, Avg: 0.7, Max: 3.9, Diff: 3.9, Sum: 5.3]
      [Object Copy (ms): Min: 0.0, Avg: 3.3, Max: 4.0, Diff: 4.0, Sum: 26.2]
      [Termination (ms): Min: 0.0, Avg: 0.2, Max: 0.2, Diff: 0.2, Sum: 1.2]
      [GC Worker Other (ms): Min: 0.0, Avg: 0.0, Max: 0.0, Diff: 0.0, Sum: 0.1]
      [GC Worker Total (ms): Min: 5.5, Avg: 5.5, Max: 5.5, Diff: 0.1, Sum: 44.1]
      [GC Worker End (ms): Min: 1815.4, Avg: 1815.4, Max: 1815.4, Diff: 0.0]
   [Code Root Fixup: 0.2 ms]
   [Code Root Purge: 0.0 ms]
   [Clear CT: 0.0 ms]
   [Other: 3.5 ms]
      [Choose CSet: 0.0 ms]
      [Ref Proc: 3.3 ms]
      [Ref Enq: 0.0 ms]
      [Redirty Cards: 0.0 ms]
      [Humongous Reclaim: 0.0 ms]
      [Free CSet: 0.1 ms]
   [Eden: 38.0M(149.0M)->0.0B(139.0M) Survivors: 4096.0K->14.0M Heap: 47.4M(256.0M)->19.4M(256.0M)]
 [Times: user=0.00 sys=0.00, real=0.01 secs] 
2016-06-12T12:26:50.046+0200: 1.819: [GC concurrent-root-region-scan-start]
2016-06-12T12:26:50.050+0200: 1.823: [GC concurrent-root-region-scan-end, 0.0036536 secs]
2016-06-12T12:26:50.050+0200: 1.823: [GC concurrent-mark-start]
2016-06-12T12:26:50.050+0200: 1.823: [GC concurrent-mark-end, 0.0001775 secs]
2016-06-12T12:26:50.050+0200: 1.823: [GC remark 1.823: [Finalize Marking, 0.0002379 secs] 1.824: [GC ref-proc, 0.0017280 secs] 1.825: [Unloading, 0.0015341 secs], 0.0036543 secs]
 [Times: user=0.00 sys=0.00, real=0.00 secs] 
2016-06-12T12:26:50.054+0200: 1.827: [GC cleanup 20M->14M(256M), 0.0002231 secs]
 [Times: user=0.00 sys=0.00, real=0.00 secs] 
2016-06-12T12:26:50.054+0200: 1.827: [GC concurrent-cleanup-start]
2016-06-12T12:26:50.054+0200: 1.827: [GC concurrent-cleanup-end, 0.0000133 secs]
2016-06-12T12:26:53.544+0200: 5.317: [Full GC (System.gc())  92M->17M(256M), 0.0482280 secs]
   [Eden: 79.0M(139.0M)->0.0B(153.0M) Survivors: 14.0M->0.0B Heap: 93.0M(256.0M)->17.1M(256.0M)], [Metaspace: 33671K->33671K(1079296K)]
 [Times: user=0.11 sys=0.00, real=0.05 secs] 
Heap
 garbage-first heap   total 262144K, used 60501K [0x00000000f0000000, 0x00000000f0100800, 0x0000000100000000)
  region size 1024K, 43 young (44032K), 0 survivors (0K)
 Metaspace       used 40915K, capacity 43284K, committed 43568K, reserved 1085440K
  class space    used 6444K, capacity 6905K, committed 6960K, reserved 1048576K
